Renesas Optimizing Linker (W2.04.00 )             24-Jun-2016 15:41:03

*** Options ***

-subcommand=LinkerSubCommand.tmp
-input="./src/OBMII.obj"
-input="./src/dbsct.obj"
-input="./src/interrupt_handlers.obj"
-input="./src/reset_program.obj"
-input="./src/sbrk.obj"
-input="./src/vector_table.obj"
-input="./Tests/TestSuiteCPU.obj"
-input="./Tests/TestSuiteUART.obj"
-input="./RX63N_UART/RX63N_UART.obj"
-input="./RX63N_CPU/RX63N_CPU.obj"
-input="./RX63N_CAN/RX63N_CAN.obj"
-start=SU,SI,B_1,R_1,B_2,R_2,B,R/04,PResetPRG,C_1,C_2,C,C$*,D*,W*,L,PIntPRG,P/0FFF00000,FIXEDVECT/0FFFFFF80
-library=D:\Git\MAGIST~1\OBMII\HARDWA~2\OBMII.lib
-list=OBMII.map
-show
-nooptimize
-debug
-output=D:\Git\Magisterka\OBMII\HardwareDebug\OBMII.abs
-rom=D=R,D_1=R_1,D_2=R_2
-nocompress
-nomessage
-nologo

*** Error information ***

*** Mapping List ***

SECTION                            START      END         SIZE   ALIGN

SU
                                  00000004  00000103       100   4
SI
                                  00000104  00000403       300   4
B_1
                                  00000404  00000504       101   1
R_1
                                  00000505  00000505         0   1
B_2
                                  00000505  00000505         0   1
R_2
                                  00000506  00000507         2   2
B
                                  00000508  0000292b      2424   4
R
                                  0000292c  00002ce7       3bc   4
PResetPRG
                                  fff00000  fff00038        39   1
C_1
                                  fff00039  fff00056        1e   1
C_2
                                  fff00057  fff00057         0   1
C
                                  fff00058  fff0031f       2c8   4
C$DSEC
                                  fff00320  fff00343        24   4
C$BSEC
                                  fff00344  fff0035b        18   4
C$INIT
                                  fff0035c  fff0035c         0   1
C$VECT
                                  fff0035c  fff0075b       400   4
C$VTBL
                                  fff0075c  fff00947       1ec   4
D
                                  fff00948  fff00d03       3bc   4
D_1
                                  fff00d04  fff00d04         0   1
D_2
                                  fff00d04  fff00d05         2   2
W
                                  fff00d06  fff00d06         0   1
W_1
                                  fff00d06  fff00d06         0   1
W_2
                                  fff00d06  fff00d06         0   1
L
                                  fff00d08  fff00e6a       163   4
PIntPRG
                                  fff00e6b  fff00f84       11a   1
P
                                  fff00f85  fff05752      47ce   1
FIXEDVECT
                                  ffffff80  ffffffff        80   4

*** Symbol List ***

SECTION=
FILE=                               START        END    SIZE
  SYMBOL                            ADDR        SIZE    INFO      COUNTS  OPT

SECTION=SU
FILE=.\src\reset_program.obj
                                  00000004  00000103       100

SECTION=SI
FILE=.\src\reset_program.obj
                                  00000104  00000403       300

SECTION=B_1
FILE=.\RX63N_UART\RX63N_UART.obj
                                  00000404  00000504       101
  _SCI2_recieved_data
                                  00000404       100   data ,g         4
  _data_updated
                                  00000504         1   data ,g         4

SECTION=R_2
FILE=vars
                                  00000506  00000507         2
  ___eh_curr_region
                                  00000506         2   data ,g        75

SECTION=B
FILE=.\src\sbrk.obj
                                  00000508  00000907       400
  _heap_area
                                  00000508       400   data ,l         2
FILE=.\RX63N_UART\RX63N_UART.obj
                                  00000908  0000090b         4
  _data
                                  00000908         4   data ,g         4
FILE=vars
                                  0000090c  00000913         8
  ___catch_clause_number
                                  0000090c         4   data ,g         2
  ___caught_object_address
                                  00000910         4   data ,g         2
FILE=dtor_list
                                  00000914  00000917         4
  _needed_destruction_head
                                  00000914         4   data ,l         6
FILE=throw
                                  00000918  0000292b      2014
  _initial_mem_block_descr
                                  00000918        14   data ,l         6
  _initial_mem_block
                                  0000092c      2000   data ,l         1

SECTION=R
FILE=.\src\OBMII.obj
                                  0000292c  0000295b        30
  ___T1000008$1
                                  0000292c        30   data ,l         1
FILE=.\src\sbrk.obj
                                  0000295c  0000295f         4
  _brk
                                  0000295c         4   data ,l         3
FILE=.\Tests\TestSuiteCPU.obj
                                  00002960  0000298f        30
  ___T1000004$1
                                  00002960        18   data ,l         1
  ___T1000012$2
                                  00002978        18   data ,l         1
FILE=.\Tests\TestSuiteUART.obj
                                  00002990  000029d7        48
  ___T1000007$1
                                  00002990        18   data ,l         1
  ___T1000018$2
                                  000029a8        30   data ,l         1
FILE=.\RX63N_UART\RX63N_UART.obj
                                  000029d8  00002a1f        48
  ___T1000008$1
                                  000029d8        18   data ,l         1
  ___T1000015$2
                                  000029f0        24   data ,l         1
  ___T1000020$3
                                  00002a14         c   data ,l         1
FILE=.\RX63N_CPU\RX63N_CPU.obj
                                  00002a20  00002a67        48
  ___T1000005$1
                                  00002a20        18   data ,l         1
  ___T1000015$2
                                  00002a38        24   data ,l         1
  ___T1000020$3
                                  00002a5c         c   data ,l         1
FILE=.\RX63N_CAN\RX63N_CAN.obj
                                  00002a68  00002aff        98
  _MailboxInterruptEnableRegister
                                  00002a68         4   data ,g         0
  _MaskInvalidRegister
                                  00002a6c         4   data ,g         0
  ___T1000008$1
                                  00002a70        18   data ,l         1
  ___T1000015$2
                                  00002a88        18   data ,l         1
  ___T1000022$3
                                  00002aa0        18   data ,l         1
  ___T1000029$4
                                  00002ab8        24   data ,l         1
  ___T1000034$5
                                  00002adc         c   data ,l         1
  ___T1000045$6
                                  00002ae8        18   data ,l         1
FILE=new
                                  00002b00  00002b0b         c
  ___T1000002$1
                                  00002b00         c   data ,l         1
FILE=typeinfo
                                  00002b0c  00002bb3        a8
  ___T1000013$1
                                  00002b0c        24   data ,l         1
  ___T1000019$2
                                  00002b30        24   data ,l         1
  ___T1000027$3
                                  00002b54         c   data ,l         1
  ___T1000035$4
                                  00002b60        24   data ,l         1
  ___T1000041$5
                                  00002b84        24   data ,l         1
  ___T1000049$6
                                  00002ba8         c   data ,l         1
FILE=vars
                                  00002bb4  00002bc7        14
  __new_handler
                                  00002bb4         4   data ,g         2
  ___head
                                  00002bb8         4   data ,g         1
  ___curr_eh_stack_entry
                                  00002bbc         4   data ,g        69
  ___default_terminate_routine
                                  00002bc0         4   data ,g         4
  ___default_unexpected_routine
                                  00002bc4         4   data ,g         4
FILE=static_init
                                  00002bc8  00002bcf         8
  _use_patch_info
                                  00002bc8         4   data ,l         1
  _dtors_done$1
                                  00002bcc         4   data ,l         2
FILE=bad_alloc
                                  00002bd0  00002c23        54
  ___T1000006$1
                                  00002bd0        24   data ,l         1
  ___T1000012$2
                                  00002bf4        24   data ,l         1
  ___T1000020$3
                                  00002c18         c   data ,l         1
FILE=exception
                                  00002c24  00002ca7        84
  ___T1000006$1
                                  00002c24        18   data ,l         1
  ___T1000013$2
                                  00002c3c        18   data ,l         1
  ___T1000027$3
                                  00002c54        24   data ,l         1
  ___T1000033$4
                                  00002c78        24   data ,l         1
  ___T1000041$5
                                  00002c9c         c   data ,l         1
FILE=eh_util
                                  00002ca8  00002cbb        14
  _terminate_called_by_runtime
                                  00002ca8         4   data ,l         2
  _terminate_called
                                  00002cac         4   data ,l         2
  ___T1000009$1
                                  00002cb0         c   data ,l         1
FILE=new_cnst
                                  00002cbc  00002cbf         4
  __ec2p_new_handler
                                  00002cbc         4   data ,g         2
FILE=malloc
                                  00002cc0  00002cc7         8
  __Aldata
                                  00002cc0         8   data ,g         b
FILE=munch_dtors
                                  00002cc8  00002ccb         4
  __dtors
                                  00002cc8         4   data ,g         2
FILE=throw
                                  00002ccc  00002cd7         c
  _curr_throw_stack_entry
                                  00002ccc         4   data ,l        1c
  _curr_mem_block_descr
                                  00002cd0         4   data ,l         f
  _mem_allocation_stack
                                  00002cd4         4   data ,l         4
FILE=vec_newdel
                                  00002cd8  00002cdb         4
  ___array_new_prefix_size
                                  00002cd8         4   data ,g         c
FILE=array_new
                                  00002cdc  00002ce7         c
  ___T1000002$1
                                  00002cdc         c   data ,l         1

SECTION=PResetPRG
FILE=.\src\reset_program.obj
                                  fff00000  fff00038        39
  _PowerON_Reset_PC
                                  fff00000        39   entry,g         1

SECTION=C_1
FILE=.\src\OBMII.obj
                                  fff00039  fff0003a         2
  type identifier for core
                                  fff00039         1   data ,l         1
  type identifier for uart
                                  fff0003a         1   data ,l         1
FILE=.\Tests\TestSuiteCPU.obj
                                  fff0003b  fff0003b         1
  type identifier for core
                                  fff0003b         1   data ,l         1
FILE=.\Tests\TestSuiteUART.obj
                                  fff0003c  fff00041         6
  type identifier for ios_base
                                  fff0003c         1   data ,l         1
  type identifier for ios
                                  fff0003d         1   data ,l         1
  type identifier for core
                                  fff0003e         1   data ,l         1
  type identifier for uart
                                  fff0003f         1   data ,l         1
  type identifier for istream
                                  fff00040         1   data ,l         1
  type identifier for ostream
                                  fff00041         1   data ,l         1
FILE=.\RX63N_UART\RX63N_UART.obj
                                  fff00042  fff00047         6
  type identifier for ios_base
                                  fff00042         1   data ,l         1
  type identifier for ios
                                  fff00043         1   data ,l         1
  type identifier for uart
                                  fff00044         1   data ,l         1
  type identifier for istream
                                  fff00045         1   data ,l         1
  type identifier for ostream
                                  fff00046         1   data ,l         1
  type identifier for RX63N_UART
                                  fff00047         1   data ,l         1
FILE=.\RX63N_CPU\RX63N_CPU.obj
                                  fff00048  fff00049         2
  type identifier for core
                                  fff00048         1   data ,l         1
  type identifier for RX63N_CPU
                                  fff00049         1   data ,l         1
FILE=.\RX63N_CAN\RX63N_CAN.obj
                                  fff0004a  fff0004f         6
  type identifier for ios_base
                                  fff0004a         1   data ,l         1
  type identifier for ios
                                  fff0004b         1   data ,l         1
  type identifier for can
                                  fff0004c         1   data ,l         1
  type identifier for istream
                                  fff0004d         1   data ,l         1
  type identifier for ostream
                                  fff0004e         1   data ,l         1
  type identifier for RX63N_CAN
                                  fff0004f         1   data ,l         1
FILE=typeinfo
                                  fff00050  fff00052         3
  type identifier for std::bad_cast
                                  fff00050         1   data ,g         1
  type identifier for std::type_info
                                  fff00051         1   data ,g         1
  type identifier for std::bad_typeid
                                  fff00052         1   data ,g         1
FILE=bad_alloc
                                  fff00053  fff00053         1
  type identifier for std::bad_alloc
                                  fff00053         1   data ,g         1
FILE=exception
                                  fff00054  fff00055         2
  type identifier for std::exception
                                  fff00054         1   data ,l         1
  type identifier for std::bad_exception
                                  fff00055         1   data ,g         1
FILE=tid_defines
                                  fff00056  fff00056         1
  type identifier for void
                                  fff00056         1   data ,g         1

SECTION=C
FILE=.\src\OBMII.obj
                                  fff00058  fff00077        20
  typeinfo for core
                                  fff00058        10   data ,l         0
  typeinfo for uart
                                  fff00068        10   data ,l         0
FILE=.\src\dbsct.obj
                                  fff00078  fff000ab        34
  __CTBL
                                  fff00078        34   data ,g         0
FILE=.\Tests\TestSuiteCPU.obj
                                  fff000ac  fff000bb        10
  typeinfo for core
                                  fff000ac        10   data ,l         0
FILE=.\Tests\TestSuiteUART.obj
                                  fff000bc  fff0013f        84
  ___T1000000
                                  fff000bc         c   data ,l         1
  typeinfo for ios_base
                                  fff000c8        10   data ,l         1
  ___T1000001
                                  fff000d8         c   data ,l         1
  typeinfo for ios
                                  fff000e4        10   data ,l         2
  ___T1000002
                                  fff000f4         c   data ,l         1
  typeinfo for core
                                  fff00100        10   data ,l         0
  typeinfo for uart
                                  fff00110        10   data ,l         0
  typeinfo for istream
                                  fff00120        10   data ,l         0
  typeinfo for ostream
                                  fff00130        10   data ,l         0
FILE=.\RX63N_UART\RX63N_UART.obj
                                  fff00140  fff001cf        90
  ___T1000000
                                  fff00140         c   data ,l         1
  typeinfo for ios_base
                                  fff0014c        10   data ,l         1
  ___T1000001
                                  fff0015c         c   data ,l         1
  typeinfo for ios
                                  fff00168        10   data ,l         2
  ___T1000002
                                  fff00178         c   data ,l         1
  ___T1000003
                                  fff00184         c   data ,l         1
  typeinfo for uart
                                  fff00190        10   data ,l         1
  typeinfo for istream
                                  fff001a0        10   data ,l         0
  typeinfo for ostream
                                  fff001b0        10   data ,l         0
  typeinfo for RX63N_UART
                                  fff001c0        10   data ,g         0
FILE=.\RX63N_CPU\RX63N_CPU.obj
                                  fff001d0  fff001fb        2c
  ___T1000000
                                  fff001d0         c   data ,l         1
  typeinfo for core
                                  fff001dc        10   data ,l         1
  typeinfo for RX63N_CPU
                                  fff001ec        10   data ,g         0
FILE=.\RX63N_CAN\RX63N_CAN.obj
                                  fff001fc  fff0028b        90
  ___T1000000
                                  fff001fc         c   data ,l         1
  typeinfo for ios_base
                                  fff00208        10   data ,l         1
  ___T1000001
                                  fff00218         c   data ,l         1
  typeinfo for ios
                                  fff00224        10   data ,l         2
  ___T1000002
                                  fff00234         c   data ,l         1
  ___T1000003
                                  fff00240         c   data ,l         1
  typeinfo for can
                                  fff0024c        10   data ,l         1
  typeinfo for istream
                                  fff0025c        10   data ,l         0
  typeinfo for ostream
                                  fff0026c        10   data ,l         0
  typeinfo for RX63N_CAN
                                  fff0027c        10   data ,g         0
FILE=typeinfo
                                  fff0028c  fff002d3        48
  ___T1000000
                                  fff0028c         c   data ,l         1
  ___T1000001
                                  fff00298         c   data ,l         1
  typeinfo for std::type_info
                                  fff002a4        10   data ,g         0
  typeinfo for std::bad_cast
                                  fff002b4        10   data ,g         1
  typeinfo for std::bad_typeid
                                  fff002c4        10   data ,g         1
FILE=bad_alloc
                                  fff002d4  fff002ef        1c
  ___T1000000
                                  fff002d4         c   data ,l         1
  typeinfo for std::bad_alloc
                                  fff002e0        10   data ,g         3
FILE=exception
                                  fff002f0  fff0031b        2c
  ___T1000000
                                  fff002f0         c   data ,l         1
  typeinfo for std::exception
                                  fff002fc        10   data ,g         4
  typeinfo for std::bad_exception
                                  fff0030c        10   data ,g         2
FILE=_sbrk_si
                                  fff0031c  fff0031f         4
  __sbrk_size
                                  fff0031c         4   data ,g         1

SECTION=C$DSEC
FILE=.\src\dbsct.obj
                                  fff00320  fff00343        24
  __DTBL
                                  fff00320        24   data ,g         0

SECTION=C$BSEC
FILE=.\src\dbsct.obj
                                  fff00344  fff0035b        18
  __BTBL
                                  fff00344        18   data ,g         0

SECTION=C$VECT
FILE=.\src\dbsct.obj
                                  fff0035c  fff0075b       400

SECTION=C$VTBL
FILE=.\RX63N_UART\RX63N_UART.obj
                                  fff0075c  fff007d3        78
  virtual function table for uart
                                  fff0075c        3c   data ,l         2
  virtual function table for RX63N_UART
                                  fff00798        3c   data ,g         2
FILE=.\RX63N_CPU\RX63N_CPU.obj
                                  fff007d4  fff00803        30
  virtual function table for core
                                  fff007d4        18   data ,l         2
  virtual function table for RX63N_CPU
                                  fff007ec        18   data ,g         2
FILE=.\RX63N_CAN\RX63N_CAN.obj
                                  fff00804  fff0087b        78
  virtual function table for can
                                  fff00804        3c   data ,l         2
  virtual function table for RX63N_CAN
                                  fff00840        3c   data ,g         2
FILE=typeinfo
                                  fff0087c  fff008db        60
  virtual function table for std::type_info
                                  fff0087c        18   data ,g        1e
  virtual function table for std::bad_cast
                                  fff00894        24   data ,g         3
  virtual function table for std::bad_typeid
                                  fff008b8        24   data ,g         3
FILE=bad_alloc
                                  fff008dc  fff008ff        24
  virtual function table for std::bad_alloc
                                  fff008dc        24   data ,g         3
FILE=exception
                                  fff00900  fff00947        48
  virtual function table for std::exception
                                  fff00900        24   data ,g         3
  virtual function table for std::bad_exception
                                  fff00924        24   data ,g         3

SECTION=D
FILE=.\src\OBMII.obj
                                  fff00948  fff00977        30
FILE=.\src\sbrk.obj
                                  fff00978  fff0097b         4
FILE=.\Tests\TestSuiteCPU.obj
                                  fff0097c  fff009ab        30
FILE=.\Tests\TestSuiteUART.obj
                                  fff009ac  fff009f3        48
FILE=.\RX63N_UART\RX63N_UART.obj
                                  fff009f4  fff00a3b        48
FILE=.\RX63N_CPU\RX63N_CPU.obj
                                  fff00a3c  fff00a83        48
FILE=.\RX63N_CAN\RX63N_CAN.obj
                                  fff00a84  fff00b1b        98
FILE=new
                                  fff00b1c  fff00b27         c
FILE=typeinfo
                                  fff00b28  fff00bcf        a8
FILE=vars
                                  fff00bd0  fff00be3        14
FILE=static_init
                                  fff00be4  fff00beb         8
FILE=bad_alloc
                                  fff00bec  fff00c3f        54
FILE=exception
                                  fff00c40  fff00cc3        84
FILE=eh_util
                                  fff00cc4  fff00cd7        14
FILE=new_cnst
                                  fff00cd8  fff00cdb         4
FILE=malloc
                                  fff00cdc  fff00ce3         8
FILE=munch_dtors
                                  fff00ce4  fff00ce7         4
FILE=throw
                                  fff00ce8  fff00cf3         c
FILE=vec_newdel
                                  fff00cf4  fff00cf7         4
FILE=array_new
                                  fff00cf8  fff00d03         c

SECTION=D_2
FILE=vars
                                  fff00d04  fff00d05         2

SECTION=L
FILE=.\src\OBMII.obj
                                  fff00d08  fff00d11         a
FILE=.\Tests\TestSuiteCPU.obj
                                  fff00d14  fff00d18         5
FILE=.\Tests\TestSuiteUART.obj
                                  fff00d1c  fff00d9b        80
FILE=.\RX63N_UART\RX63N_UART.obj
                                  fff00d9c  fff00dc8        2d
FILE=.\RX63N_CPU\RX63N_CPU.obj
                                  fff00dcc  fff00dda         f
FILE=.\RX63N_CAN\RX63N_CAN.obj
                                  fff00ddc  fff00e07        2c
FILE=typeinfo
                                  fff00e08  fff00e35        2e
FILE=bad_alloc
                                  fff00e38  fff00e47        10
FILE=exception
                                  fff00e48  fff00e6a        23

SECTION=PIntPRG
FILE=.\src\interrupt_handlers.obj
                                  fff00e6b  fff00f84       11a
  _Excep_SuperVisorInst
                                  fff00e6b         2   func ,g         1
  _Excep_UndefinedInst
                                  fff00e6d         2   func ,g         1
  _Excep_FloatingPoint
                                  fff00e6f         2   func ,g         1
  _NonMaskableInterrupt
                                  fff00e71         2   func ,g         1
  _Dummy
                                  fff00e73         2   func ,g        14
  _Excep_BRK
                                  fff00e75         4   func ,g         0
  _Excep_BUSERR
                                  fff00e79         1   func ,g         0
  _Excep_FCUIF_FIFEERR
                                  fff00e7a         1   func ,g         0
  _Excep_FCUIF_FRDYI
                                  fff00e7b         1   func ,g         0
  _Excep_ICU_SWINT
                                  fff00e7c         2   func ,g         0
  _Excep_CMT0_CMI0
                                  fff00e7e         2   func ,g         0
  _Excep_CMT1_CMI1
                                  fff00e80         2   func ,g         0
  _Excep_CMT2_CMI2
                                  fff00e82         2   func ,g         0
  _Excep_CMT3_CMI3
                                  fff00e84         2   func ,g         0
  _Excep_ETHER_EINT
                                  fff00e86         2   func ,g         0
  _Excep_USB0_D0FIFO0
                                  fff00e88         2   func ,g         0
  _Excep_USB0_D1FIFO0
                                  fff00e8a         2   func ,g         0
  _Excep_USB0_USBI0
                                  fff00e8c         2   func ,g         0
  _Excep_USB1_D0FIFO1
                                  fff00e8e         2   func ,g         0
  _Excep_USB1_D1FIFO1
                                  fff00e90         2   func ,g         0
  _Excep_USB1_USBI1
                                  fff00e92         2   func ,g         0
  _Excep_RSPI0_SPRI0
                                  fff00e94         2   func ,g         0
  _Excep_RSPI0_SPTI0
                                  fff00e96         2   func ,g         0
  _Excep_RSPI0_SPII0
                                  fff00e98         2   func ,g         0
  _Excep_RSPI1_SPRI1
                                  fff00e9a         2   func ,g         0
  _Excep_RSPI1_SPTI1
                                  fff00e9c         2   func ,g         0
  _Excep_RSPI1_SPII1
                                  fff00e9e         2   func ,g         0
  _Excep_RSPI2_SPRI2
                                  fff00ea0         2   func ,g         0
  _Excep_RSPI2_SPTI2
                                  fff00ea2         2   func ,g         0
  _Excep_RSPI2_SPII2
                                  fff00ea4         2   func ,g         0
  _Excep_CAN0_RXF0
                                  fff00ea6         2   func ,g         0
  _Excep_CAN0_TXF0
                                  fff00ea8         1   func ,g         0
  _Excep_CAN0_RXM0
                                  fff00ea9         1   func ,g         0
  _Excep_CAN0_TXM0
                                  fff00eaa         1   func ,g         0
  _Excep_CAN1_RXF1
                                  fff00eab         2   func ,g         0
  _Excep_CAN1_TXF1
                                  fff00ead         2   func ,g         0
  _Excep_CAN1_RXM1
                                  fff00eaf         2   func ,g         0
  _Excep_CAN1_TXM1
                                  fff00eb1         2   func ,g         0
  _Excep_RTC_CUP
                                  fff00eb3         2   func ,g         0
  _Excep_IRQ0
                                  fff00eb5         1   func ,g         0
  _Excep_IRQ1
                                  fff00eb6         1   func ,g         0
  _Excep_IRQ2
                                  fff00eb7         1   func ,g         0
  _Excep_IRQ3
                                  fff00eb8         1   func ,g         0
  _Excep_IRQ4
                                  fff00eb9         1   func ,g         0
  _Excep_IRQ5
                                  fff00eba         1   func ,g         0
  _Excep_IRQ6
                                  fff00ebb         1   func ,g         0
  _Excep_IRQ7
                                  fff00ebc         1   func ,g         0
  _Excep_IRQ8
                                  fff00ebd         1   func ,g         0
  _Excep_IRQ9
                                  fff00ebe         1   func ,g         0
  _Excep_IRQ10
                                  fff00ebf         1   func ,g         0
  _Excep_IRQ11
                                  fff00ec0         1   func ,g         0
  _Excep_IRQ12
                                  fff00ec1         1   func ,g         0
  _Excep_IRQ13
                                  fff00ec2         1   func ,g         0
  _Excep_IRQ14
                                  fff00ec3         1   func ,g         0
  _Excep_IRQ15
                                  fff00ec4         1   func ,g         0
  _Excep_USB_USBR0
                                  fff00ec5         2   func ,g         0
  _Excep_USB_USBR1
                                  fff00ec7         2   func ,g         0
  _Excep_RTC_ALM
                                  fff00ec9         2   func ,g         0
  _Excep_RTC_SLEEP
                                  fff00ecb         1   func ,g         0
  _Excep_ADA0_ADI0
                                  fff00ecc         1   func ,g         0
  _Excep_S12AD0_S12ADI0
                                  fff00ecd         1   func ,g         0
  _Excep_GROUP_E0
                                  fff00ece         1   func ,g         0
  _Excep_GROUP_E1
                                  fff00ecf         1   func ,g         0
  _Excep_GROUP_E2
                                  fff00ed0         1   func ,g         0
  _Excep_GROUP_E3
                                  fff00ed1         1   func ,g         0
  _Excep_GROUP_E4
                                  fff00ed2         1   func ,g         0
  _Excep_GROUP_E5
                                  fff00ed3         1   func ,g         0
  _Excep_GROUP_E6
                                  fff00ed4         1   func ,g         0
  _Excep_GROUP_L0
                                  fff00ed5         1   func ,g         0
  _Excep_SCIX_SCIX0
                                  fff00ed6         1   func ,g         0
  _Excep_SCIX_SCIX1
                                  fff00ed7         1   func ,g         0
  _Excep_SCIX_SCIX2
                                  fff00ed8         1   func ,g         0
  _Excep_SCIX_SCIX3
                                  fff00ed9         1   func ,g         0
  _Excep_TPU0_TGIA0
                                  fff00eda         1   func ,g         0
  _Excep_TPU0_TGIB0
                                  fff00edb         1   func ,g         0
  _Excep_TPU0_TGIC0
                                  fff00edc         1   func ,g         0
  _Excep_TPU0_TGID0
                                  fff00edd         1   func ,g         0
  _Excep_TPU1_TGIA1
                                  fff00ede         1   func ,g         0
  _Excep_TPU1_TGIB1
                                  fff00edf         1   func ,g         0
  _Excep_TPU2_TGIA2
                                  fff00ee0         1   func ,g         0
  _Excep_TPU2_TGIB2
                                  fff00ee1         1   func ,g         0
  _Excep_TPU3_TGIA3
                                  fff00ee2         1   func ,g         0
  _Excep_TPU3_TGIB3
                                  fff00ee3         1   func ,g         0
  _Excep_TPU3_TGIC3
                                  fff00ee4         1   func ,g         0
  _Excep_TPU3_TGID3
                                  fff00ee5         1   func ,g         0
  _Excep_TPU4_TGIA4
                                  fff00ee6         1   func ,g         0
  _Excep_TPU4_TGIB4
                                  fff00ee7         1   func ,g         0
  _Excep_TPU5_TGIA5
                                  fff00ee8         1   func ,g         0
  _Excep_TPU5_TGIB5
                                  fff00ee9         1   func ,g         0
  _Excep_TPU6_TGIA6
                                  fff00eea         1   func ,g         0
  _Excep_TPU6_TGIB6
                                  fff00eeb         1   func ,g         0
  _Excep_TPU6_TGIC6
                                  fff00eec         1   func ,g         0
  _Excep_TPU6_TGID6
                                  fff00eed         1   func ,g         0
  _Excep_TPU6_TGIE6
                                  fff00eee         1   func ,g         0
  _Excep_TPU6_TGIF6
                                  fff00eef         1   func ,g         0
  _Excep_TPU7_TGIA7
                                  fff00ef0         1   func ,g         0
  _Excep_TPU7_TGIB7
                                  fff00ef1         1   func ,g         0
  _Excep_TPU8_TGIA8
                                  fff00ef2         1   func ,g         0
  _Excep_TPU8_TGIB8
                                  fff00ef3         1   func ,g         0
  _Excep_TPU9_TGIA9
                                  fff00ef4         1   func ,g         0
  _Excep_TPU9_TGIB9
                                  fff00ef5         1   func ,g         0
  _Excep_TPU9_TGIC9
                                  fff00ef6         1   func ,g         0
  _Excep_TPU9_TGID9
                                  fff00ef7         1   func ,g         0
  _Excep_TPU10_TGIA10
                                  fff00ef8         1   func ,g         0
  _Excep_TPU10_TGIB10
                                  fff00ef9         1   func ,g         0
  _Excep_TPU10_TGIC10
                                  fff00efa         1   func ,g         0
  _Excep_TPU10_TGID10
                                  fff00efb         1   func ,g         0
  _Excep_TPU10_TGIV10
                                  fff00efc         1   func ,g         0
  _Excep_MTU5_TGIU5
                                  fff00efd         2   func ,g         0
  _Excep_MTU5_TGIV5
                                  fff00eff         2   func ,g         0
  _Excep_MTU5_TGIW5
                                  fff00f01         2   func ,g         0
  _Excep_TPU11_TGIA11
                                  fff00f03         1   func ,g         0
  _Excep_TPU11_TGIB11
                                  fff00f04         1   func ,g         0
  _Excep_POE2_OEI1
                                  fff00f05         1   func ,g         0
  _Excep_POE2_OEI2
                                  fff00f06         1   func ,g         0
  _Excep_TMR0_CMIA0
                                  fff00f07         2   func ,g         0
  _Excep_TMR0_CMIB0
                                  fff00f09         2   func ,g         0
  _Excep_TMR0_OVI0
                                  fff00f0b         2   func ,g         0
  _Excep_TMR1_CMIA1
                                  fff00f0d         2   func ,g         0
  _Excep_TMR1_CMIB1
                                  fff00f0f         2   func ,g         0
  _Excep_TMR1_OVI1
                                  fff00f11         2   func ,g         0
  _Excep_TMR2_CMIA2
                                  fff00f13         2   func ,g         0
  _Excep_TMR2_CMIB2
                                  fff00f15         2   func ,g         0
  _Excep_TMR2_OVI2
                                  fff00f17         2   func ,g         0
  _Excep_TMR3_CMIA3
                                  fff00f19         2   func ,g         0
  _Excep_TMR3_CMIB3
                                  fff00f1b         2   func ,g         0
  _Excep_TMR3_OVI3
                                  fff00f1d         2   func ,g         0
  _Excep_RIIC0_EEI0
                                  fff00f1f         2   func ,g         0
  _Excep_RIIC0_RXI0
                                  fff00f21         2   func ,g         0
  _Excep_RIIC0_TXI0
                                  fff00f23         2   func ,g         0
  _Excep_RIIC0_TEI0
                                  fff00f25         2   func ,g         0
  _Excep_RIIC1_EEI0
                                  fff00f27         1   func ,g         0
  _Excep_RIIC1_RXI0
                                  fff00f28         1   func ,g         0
  _Excep_RIIC1_TXI0
                                  fff00f29         1   func ,g         0
  _Excep_RIIC1_TEI0
                                  fff00f2a         1   func ,g         0
  _Excep_RIIC2_EEI0
                                  fff00f2b         1   func ,g         0
  _Excep_RIIC2_RXI0
                                  fff00f2c         1   func ,g         0
  _Excep_RIIC2_TXI0
                                  fff00f2d         1   func ,g         0
  _Excep_RIIC2_TEI0
                                  fff00f2e         1   func ,g         0
  _Excep_RIIC3_EEI0
                                  fff00f2f         1   func ,g         0
  _Excep_RIIC3_RXI0
                                  fff00f30         1   func ,g         0
  _Excep_RIIC3_TXI0
                                  fff00f31         1   func ,g         0
  _Excep_RIIC3_TEI0
                                  fff00f32         1   func ,g         0
  _Excep_DMACA_DMAC0
                                  fff00f33         1   func ,g         0
  _Excep_DMACA_DMAC1
                                  fff00f34         1   func ,g         0
  _Excep_DMACA_DMAC2
                                  fff00f35         1   func ,g         0
  _Excep_DMACA_DMAC3
                                  fff00f36         1   func ,g         0
  _Excep_EXDMAC_DMAC0
                                  fff00f37         1   func ,g         0
  _Excep_EXDMAC_DMAC1
                                  fff00f38         1   func ,g         0
  _Excep_SCI0_RXI0
                                  fff00f39         2   func ,g         0
  _Excep_SCI0_TXI0
                                  fff00f3b         2   func ,g         0
  _Excep_SCI0_TEI0
                                  fff00f3d         2   func ,g         0
  _Excep_SCI1_RXI1
                                  fff00f3f         2   func ,g         0
  _Excep_SCI1_TXI1
                                  fff00f41         2   func ,g         0
  _Excep_SCI1_TEI1
                                  fff00f43         2   func ,g         0
  _Excep_SCI2_RXI2
                                  fff00f45         1   func ,g         0
  _Excep_SCI2_TXI2
                                  fff00f46         1   func ,g         0
  _Excep_SCI2_TEI2
                                  fff00f47         1   func ,g         0
  _Excep_SCI3_RXI3
                                  fff00f48         2   func ,g         0
  _Excep_SCI3_TXI3
                                  fff00f4a         2   func ,g         0
  _Excep_SCI3_TEI3
                                  fff00f4c         2   func ,g         0
  _Excep_SCI4_RXI4
                                  fff00f4e         2   func ,g         0
  _Excep_SCI4_TXI4
                                  fff00f50         2   func ,g         0
  _Excep_SCI4_TEI4
                                  fff00f52         2   func ,g         0
  _Excep_SCI5_RXI5
                                  fff00f54         2   func ,g         0
  _Excep_SCI5_TXI5
                                  fff00f56         2   func ,g         0
  _Excep_SCI5_TEI5
                                  fff00f58         2   func ,g         0
  _Excep_SCI6_RXI6
                                  fff00f5a         2   func ,g         0
  _Excep_SCI6_TXI6
                                  fff00f5c         2   func ,g         0
  _Excep_SCI6_TEI6
                                  fff00f5e         2   func ,g         0
  _Excep_SCI7_RXI7
                                  fff00f60         2   func ,g         0
  _Excep_SCI7_TXI7
                                  fff00f62         2   func ,g         0
  _Excep_SCI7_TEI7
                                  fff00f64         2   func ,g         0
  _Excep_SCI8_RXI8
                                  fff00f66         2   func ,g         0
  _Excep_SCI8_TXI8
                                  fff00f68         2   func ,g         0
  _Excep_SCI8_TEI8
                                  fff00f6a         2   func ,g         0
  _Excep_SCI9_RXI9
                                  fff00f6c         2   func ,g         0
  _Excep_SCI9_TXI9
                                  fff00f6e         2   func ,g         0
  _Excep_SCI9_TEI9
                                  fff00f70         2   func ,g         0
  _Excep_SCI10_RXI10
                                  fff00f72         2   func ,g         0
  _Excep_SCI10_TXI10
                                  fff00f74         2   func ,g         0
  _Excep_SCI10_TEI10
                                  fff00f76         2   func ,g         0
  _Excep_SCI11_RXI11
                                  fff00f78         2   func ,g         0
  _Excep_SCI11_TXI11
                                  fff00f7a         2   func ,g         0
  _Excep_SCI11_TEI11
                                  fff00f7c         2   func ,g         0
  _Excep_SCI12_RXI12
                                  fff00f7e         2   func ,g         0
  _Excep_SCI12_TXI12
                                  fff00f80         2   func ,g         0
  _Excep_SCI12_TEI12
                                  fff00f82         2   func ,g         0
  _Excep_IEBUS_IEBINT
                                  fff00f84         1   func ,g         0

SECTION=P
FILE=.\src\OBMII.obj
                                  fff00f85  fff01094       110
  _main
                                  fff00f85       10f   func ,g         1
  _abort
                                  fff01094         1   func ,g         3
FILE=.\src\sbrk.obj
                                  fff01095  fff010d0        3c
  _sbrk
                                  fff01095        3c   func ,g         1
FILE=.\Tests\TestSuiteCPU.obj
                                  fff010d1  fff012f9       229
  TestSuiteCPU::TestSuiteCPU()
                                  fff010d1        7a   func ,g         1
  TestSuiteCPU::~TestSuiteCPU()
                                  fff0114b        1b   func ,g         1
  TestSuiteCPU::setup()
                                  fff01166        dd   func ,g         1
  TestSuiteCPU::teardown()
                                  fff01243        40   func ,g         1
  TestSuiteCPU::LedBlinkTest()
                                  fff01283        77   func ,g         1
FILE=.\Tests\TestSuiteUART.obj
                                  fff012fa  fff0156d       274
  TestSuiteUART::TestSuiteUART()
                                  fff012fa        7a   func ,g         1
  TestSuiteUART::~TestSuiteUART()
                                  fff01374        1b   func ,g         1
  TestSuiteUART::setup()
                                  fff0138f       10d   func ,g         1
  TestSuiteUART::teardown()
                                  fff0149c        40   func ,g         1
  TestSuiteUART::UARTSendTest()
                                  fff014dc        24   func ,g         1
  TestSuiteUART::UARTRecieveTest()
                                  fff01500        6e   func ,g         1
FILE=.\RX63N_UART\RX63N_UART.obj
                                  fff0156e  fff019cd       460
  uart::uart()
                                  fff0156e        8a   func ,l         1
  uart::~uart()
                                  fff015f8        25   func ,l         4
  Excep_SCI2_TXI2()
                                  fff0161d         d   func ,g         0
  Excep_SCI2_RXI2()
                                  fff0162a        82   func ,g         0
  RX63N_UART::RX63N_UART()
                                  fff016ac        c2   func ,g         1
  RX63N_UART::~RX63N_UART()
                                  fff0176e        77   func ,g         1
  RX63N_UART::transmission_config()
                                  fff017e5        c7   func ,g         2
  RX63N_UART::pin_config()
                                  fff018ac        aa   func ,g         1
  RX63N_UART::send(const char *, int)
                                  fff01956        46   func ,g         1
  RX63N_UART::recieve()
                                  fff0199c        32   func ,g         1
FILE=.\RX63N_CPU\RX63N_CPU.obj
                                  fff019ce  fff01cee       321
  core::core()
                                  fff019ce        8a   func ,l         1
  core::~core()
                                  fff01a58        25   func ,l         4
  RX63N_CPU::clock_config_lock(bool)
                                  fff01a7d        20   func ,g         1
  RX63N_CPU::clock_config()
                                  fff01a9d        a4   func ,g         1
  RX63N_CPU::interrupt_config()
                                  fff01b41        8a   func ,g         1
  RX63N_CPU::RX63N_CPU()
                                  fff01bcb        ad   func ,g         2
  RX63N_CPU::~RX63N_CPU()
                                  fff01c78        77   func ,g         1
FILE=.\RX63N_CAN\RX63N_CAN.obj
                                  fff01cef  fff02570       882
  can::can()
                                  fff01cef        8a   func ,l         1
  can::~can()
                                  fff01d79        25   func ,l         4
  MailboxConfig::MailboxConfig()
                                  fff01d9e        9a   func ,l         1
  MailboxConfig::~MailboxConfig()
                                  fff01e38        1b   func ,l         3
  MaskRegister::MaskRegister()
                                  fff01e53        8a   func ,l         1
  MaskRegister::~MaskRegister()
                                  fff01edd        1b   func ,l         3
  Excep_CAN0_TXM0()
                                  fff01ef8         d   func ,g         0
  Excep_CAN0_RXM0()
                                  fff01f05         d   func ,g         0
  RX63N_CAN::RX63N_CAN()
                                  fff01f12        d9   func ,g         0
  RX63N_CAN::~RX63N_CAN()
                                  fff01feb        77   func ,g         1
  RX63N_CAN::transmission_config()
                                  fff02062       183   func ,g         2
  RX63N_CAN::pin_config()
                                  fff021e5        7d   func ,g         1
  RX63N_CAN::CAN_MODE_RESET()
                                  fff02262         6   func ,g         0
  RX63N_CAN::CAN_MODE_HALT()
                                  fff02268        20   func ,g         1
  RX63N_CAN::CAN_MODE_SLEEP(bool)
                                  fff02288        19   func ,g         0
  RX63N_CAN::CAN_MODE_OPERATION()
                                  fff022a1        13   func ,g         1
  RX63N_CAN::CAN_MODE_TEST(unsigned char, bool)
                                  fff022b4        33   func ,g         1
  RX63N_CAN::default_mailbox_config()
                                  fff022e7       1bb   func ,g         1
  RX63N_CAN::can_send(int, unsigned char)
                                  fff024a2        c1   func ,g         1
  RX63N_CAN::can_recieve()
                                  fff02563         e   func ,g         1
FILE=delete
                                  fff02571  fff0259c        2c
  operator delete(void *)
                                  fff02571        2c   func ,g        2b
FILE=new
                                  fff0259d  fff02620        84
  operator new(unsigned long)
                                  fff0259d        84   func ,g        1b
FILE=pure_virt
                                  fff02621  fff02627         7
  ___pure_virtual_called
                                  fff02621         7   func ,g         6
FILE=typeinfo
                                  fff02628  fff02be4       5bd
  std::type_info::operator ==(const std::type_info &) const
                                  fff02628        45   func ,g         0
  std::type_info::operator !=(const std::type_info &) const
                                  fff0266d        51   func ,g         0
  std::type_info::before(const std::type_info &) const
                                  fff026be        3e   func ,g         0
  std::type_info::name() const
                                  fff026fc         e   func ,g         0
  std::type_info::~type_info()
                                  fff0270a        25   func ,g         1
  std::bad_cast::bad_cast()
                                  fff0272f        ba   func ,g         1
  std::bad_cast::bad_cast(const std::bad_cast &)
                                  fff027e9        c0   func ,g         0
  std::bad_cast::operator =(const std::bad_cast &)
                                  fff028a9        2c   func ,g         0
  std::bad_cast::~bad_cast()
                                  fff028d5        92   func ,g         2
  std::bad_cast::what() const
                                  fff02967        23   func ,g         1
  std::bad_typeid::bad_typeid()
                                  fff0298a        ba   func ,g         1
  std::bad_typeid::bad_typeid(const std::bad_typeid &)
                                  fff02a44        c0   func ,g         0
  std::bad_typeid::operator =(const std::bad_typeid &)
                                  fff02b04        2c   func ,g         0
  std::bad_typeid::~bad_typeid()
                                  fff02b30        92   func ,g         2
  std::bad_typeid::what() const
                                  fff02bc2        23   func ,g         1
FILE=cppinit
                                  fff02be5  fff02c12        2e
  __CALL_INIT
                                  fff02be5        29   func ,g         1
  __CALL_END
                                  fff02c0e         5   func ,g         1
FILE=__initsct
                                  fff02c13  fff02c5c        4a
  __INITSCT
                                  fff02c13         0   none ,g         1
  loop1
                                  fff02c25         0   none ,l         1
  next_loop1
                                  fff02c33         0   none ,l         2
  loop3
                                  fff02c45         0   none ,l         1
  next_loop3
                                  fff02c56         0   none ,l         2
FILE=error
                                  fff02c5d  fff02c66         a
  ___abort_execution
                                  fff02c5d         a   func ,g         6
FILE=newhandler
                                  fff02c67  fff02c88        22
  __default_new_handler()
                                  fff02c67        22   func ,g         1
FILE=static_init
                                  fff02c89  fff02d15        8d
  __call_dtors()
                                  fff02c89        8d   func ,g         1
FILE=bad_alloc
                                  fff02d16  fff02f70       25b
  std::bad_alloc::bad_alloc()
                                  fff02d16        ba   func ,g         1
  std::bad_alloc::bad_alloc(const std::bad_alloc &)
                                  fff02dd0        c0   func ,g         0
  std::bad_alloc::operator =(const std::bad_alloc &)
                                  fff02e90        2c   func ,g         0
  std::bad_alloc::~bad_alloc()
                                  fff02ebc        92   func ,g         2
  std::bad_alloc::what() const
                                  fff02f4e        23   func ,g         1
FILE=exception
                                  fff02f71  fff03396       426
  std::exception::exception()
                                  fff02f71        a5   func ,g         4
  std::exception::exception(const std::exception &)
                                  fff03016        a8   func ,g         4
  std::exception::operator =(const std::exception &)
                                  fff030be        21   func ,g         4
  std::exception::~exception()
                                  fff030df        3e   func ,g        11
  std::exception::what() const
                                  fff0311d        23   func ,g         1
  std::bad_exception::bad_exception()
                                  fff03140        b9   func ,g         1
  std::bad_exception::bad_exception(const std::bad_exception &)
                                  fff031f9        bf   func ,g         0
  std::bad_exception::operator =(const std::bad_exception &)
                                  fff032b8        2b   func ,g         0
  std::bad_exception::~bad_exception()
                                  fff032e3        91   func ,g         2
  std::bad_exception::what() const
                                  fff03374        23   func ,g         1
FILE=eh_util
                                  fff03397  fff035c1       22b
  std::terminate()
                                  fff03397        37   func ,g         3
  ___default_terminate
                                  fff033ce         7   func ,g         1
  std::set_terminate(void (*)())
                                  fff033d5        3d   func ,g         0
  std::unexpected()
                                  fff03412        1a   func ,g         1
  std::set_unexpected(void (*)())
                                  fff0342c        3d   func ,g         0
  std::uncaught_exception()
                                  fff03469        6d   func ,g         0
  ___call_unexpected
                                  fff034d6        db   func ,g         1
  ___call_terminate
                                  fff035b1        11   func ,g         5
FILE=free
                                  fff035c2  fff036fc       13b
  _free
                                  fff035c2       13b   func ,g         2
FILE=malloc
                                  fff036fd  fff0389d       1a1
  _findmem
                                  fff036fd        e5   func ,l         1
  _malloc
                                  fff037e2        bc   func ,g         1
FILE=dtor_list
                                  fff0389e  fff03923        86
  __process_needed_destructions()
                                  fff0389e        41   func ,g         2
  ___already_marked_for_destruction
                                  fff038df         7   func ,g         1
  ___record_needed_destruction
                                  fff038e6        3a   func ,g         0
  ___std__needed_destruction_list
                                  fff03920         4   func ,g         0
FILE=throw
                                  fff03924  fff047e1       ebe
  eh_get_memory(unsigned long)
                                  fff03924        19   func ,l         1
  eh_free_memory(void *)
                                  fff0393d         a   func ,l         1
  mem_block_descr_init(a_mem_block_descr *)
                                  fff03947        1d   func ,l         1
  init_eh_memory_management()
                                  fff03964        43   func ,l         1
  alloc_in_mem_block(unsigned long, a_mem_allocation **)
                                  fff039a7        82   func ,l         2
  alloc_new_mem_block(unsigned long)
                                  fff03a29        69   func ,l         1
  eh_alloc_on_stack(unsigned long)
                                  fff03a92        60   func ,l         4
  free_in_mem_block(void *)
                                  fff03af2        41   func ,l         2
  eh_free_on_stack(void *)
                                  fff03b33        4c   func ,l         2
  cleanup(an_eh_stack_entry *, unsigned short, unsigned short)
                                  fff03b7f       1bc   func ,l         2
  check_pointer_levels_and_qualifiers(an_exception_type_specification *, unsigned char *)
                                  fff03d3b        a0   func ,l         1
  check_exception_type_specifications(an_exception_type_specification *, a_type_info_impl *, unsigned char, unsigned char *, char *, int, void **, an_exception_type_specification **)
                                  fff03ddb       291   func ,l         3
  destroy_thrown_object(a_throw_stack_entry *)
                                  fff0406c        c1   func ,l         3
  ___exception_started
                                  fff0412d        2a   func ,g         1
  ___exception_caught
                                  fff04157         b   func ,g         5
  ___throw
                                  fff04162       319   func ,g         5
  push_throw_stack(a_type_info_impl *, void (*)(void *, int), unsigned char, unsigned char *, char *, int, void *, int, a_throw_stack_entry *)
                                  fff0447b       11e   func ,l         4
  ___rethrow
                                  fff04599        7b   func ,g         2
  ___internal_rethrow
                                  fff04614         7   func ,g         0
  ___throw_setup_ptr
                                  fff0461b        33   func ,g         0
  ___throw_setup
                                  fff0464e        36   func ,g         0
  ___throw_setup_dtor
                                  fff04684        35   func ,g         4
  ___free_thrown_object
                                  fff046b9        74   func ,g         1
  ___eh_exit_processing
                                  fff0472d         a   func ,g         0
  ___suppress_optim_on_vars_in_try
                                  fff04737         1   func ,g         0
  ___get_curr_eh_stack_entry
                                  fff04738         e   func ,g         1
  ___type_of_thrown_object
                                  fff04746        31   func ,g         1
  ___can_throw_type
                                  fff04777        6b   func ,g         2
FILE=setjmp
                                  fff047e2  fff0480c        2b
  _setjmp
                                  fff047e2         0   none ,g         1
FILE=xgetmem
                                  fff0480d  fff0483e        32
  __Getmem
                                  fff0480d        32   func ,g         1
FILE=rtti
                                  fff0483f  fff04f47       709
  clear_base_class_traversal_block(a_base_class_traversal_block *)
                                  fff0483f        36   func ,l         1
  is_virtual(a_base_class_spec *)
                                  fff04875        1a   func ,l         1
  traverse_base_classes(void *, a_type_info_impl *, a_base_class_traversal_block *, a_base_class_spec *)
                                  fff0488f        d7   func ,l         2
  ___derived_to_base_conversion
                                  fff04966       22a   func ,g         3
  find_base_class_at_addr(void *, void *, a_type_info_impl *, a_type_info_impl *, int *)
                                  fff04b90        f3   func ,l         2
  tbc_downcast(void *, a_type_info_impl *, a_base_class_traversal_block *, a_base_class_spec *)
                                  fff04c83        ce   func ,l         1
  tbc_post_downcast(void *, a_type_info_impl *, a_base_class_traversal_block *, a_base_class_spec *)
                                  fff04d51        53   func ,l         1
  try_downcast(void *, a_type_info_impl *, void *, a_type_info_impl *, a_type_info_impl *)
                                  fff04da4        41   func ,l         1
  ___dynamic_cast
                                  fff04de5        da   func ,g         1
  __throw_bad_cast()
                                  fff04ebf        22   func ,l         1
  ___throw_bad_typeid
                                  fff04ee1        22   func ,g         1
  ___dynamic_cast_ref
                                  fff04f03        30   func ,g         0
  ___get_typeid
                                  fff04f33        15   func ,g         0
FILE=vec_newdel
                                  fff04f48  fff056ba       773
  add_vec_new_or_delete_eh_stack_entry(an_eh_stack_entry *, an_array_alloc_eh_info *, int)
                                  fff04f48        5b   func ,l         2
  alloc_array(unsigned long, unsigned long, void *(*)(unsigned long))
                                  fff04fa3        3a   func ,l         1
  free_array(void *, unsigned long, unsigned long, void (*)(void *), int)
                                  fff04fdd        46   func ,l         2
  record_array_alloc_info(void *, unsigned long, long, unsigned long)
                                  fff05023        2d   func ,l         1
  get_array_size(void *, unsigned long, unsigned long *)
                                  fff05050        47   func ,l         1
  array_new_general(void *, long, unsigned long, unsigned long, void *, void *(*)(void *), void (*)(void *, int), void *(*)(unsigned long), void (*)(void *), int, int)
                                  fff05097       19b   func ,l         8
  ___array_new
                                  fff05232        51   func ,g         0
  ___placement_array_new
                                  fff05283        42   func ,g         0
  ___vec_new_eh2
                                  fff052c5        4d   func ,g         0
  ___vec_new2
                                  fff05312        46   func ,g         0
  ___vec_cctor_eh
                                  fff05358        51   func ,g         0
  ___array_new_zero
                                  fff053a9        51   func ,g         0
  ___placement_array_new_zero
                                  fff053fa        42   func ,g         0
  ___vec_new_eh_zero
                                  fff0543c        4d   func ,g         0
  ___cleanup_vec_new_or_delete
                                  fff05489        9e   func ,g         1
  array_delete_general(void *, long, unsigned long, unsigned long, void (*)(void *, int), int, void (*)(void *), int, int)
                                  fff05527        f8   func ,l         2
  ___vec_delete2
                                  fff0561f        4a   func ,g         1
  ___array_delete2
                                  fff05669        4b   func ,g         0
  __array_pointer_not_from_vec_new
                                  fff056b4         7   func ,g         1
FILE=longjmp
                                  fff056bb  fff056ec        32
  _longjmp
                                  fff056bb         0   none ,g         1
FILE=array_del
                                  fff056ed  fff05710        24
  operator delete[](void *)
                                  fff056ed        24   func ,g         1
FILE=array_new
                                  fff05711  fff05742        32
  operator new[](unsigned long)
                                  fff05711        32   func ,g         1
FILE=memzero
                                  fff05743  fff05752        10
  ___memzero
                                  fff05743        10   func ,g         1

SECTION=FIXEDVECT
FILE=.\src\vector_table.obj
                                  ffffff80  ffffffff        80
  _Fixed_Vectors
                                  ffffff80        80   data ,g         0

*** Unfilled Areas ***

AREA                                START    END

*** Delete Symbols ***

SYMBOL                                SIZE    INFO
